src/app/api/teacher/parse-excel/route.ts(49,29): error TS2345: Argument of type 'Buffer<ArrayBufferLike>' is not assignable to parameter of type 'BodyInit | null | undefined'.
  Type 'Buffer<ArrayBufferLike>' is missing the following properties from type 'URLSearchParams': size, append, delete, get, and 2 more.
src/components/chat/ChatContext.tsx(177,17): error TS2345: Argument of type '{ messages: { id: string; createdAt: Date; text: string; isUserMessage: boolean; }[]; }' is not assignable to parameter of type 'Updater<{ messages: { id: string; createdAt: Date; text: string; isUserMessage: boolean; }[]; nextCursor: string | undefined; } | undefined, { messages: { id: string; createdAt: Date; text: string; isUserMessage: boolean; }[]; nextCursor: string | undefined; } | undefined>'.
  Property 'nextCursor' is missing in type '{ messages: { id: string; createdAt: Date; text: string; isUserMessage: boolean; }[]; }' but required in type '{ messages: { id: string; createdAt: Date; text: string; isUserMessage: boolean; }[]; nextCursor: string | undefined; }'.
src/components/chat/Messages.tsx(74,33): error TS2322: Type '{ id: string; createdAt: Date; text: string; isUserMessage: boolean; } | { createdAt: string; id: string; isUserMessage: boolean; text: Element; }' is not assignable to type 'ExtendedMessage'.
  Type '{ createdAt: string; id: string; isUserMessage: boolean; text: JSX.Element; }' is not assignable to type 'ExtendedMessage'.
    Type '{ createdAt: string; id: string; isUserMessage: boolean; text: JSX.Element; }' is not assignable to type 'OmitText'.
      Types of property 'createdAt' are incompatible.
        Type 'string' is not assignable to type 'Date'.
src/components/chat/Messages.tsx(82,33): error TS2322: Type '{ id: string; createdAt: Date; text: string; isUserMessage: boolean; } | { createdAt: string; id: string; isUserMessage: boolean; text: Element; }' is not assignable to type 'ExtendedMessage'.
  Type '{ createdAt: string; id: string; isUserMessage: boolean; text: JSX.Element; }' is not assignable to type 'ExtendedMessage'.
    Type '{ createdAt: string; id: string; isUserMessage: boolean; text: JSX.Element; }' is not assignable to type 'OmitText'.
      Types of property 'createdAt' are incompatible.
        Type 'string' is not assignable to type 'Date'.
